
Orbits - Phase 3
----------------------------------------
  Scanning:  C:\Users\Mihir\OneDrive\Desktop\orbits
  Found:       1  C/C++
  Found:       1  Go
  Found:       4  JavaScript
  Found:      29  Python
  Cache:     35 files cached  (0 to parse)
  Extracting imports...
  WARNING: parallel workers unavailable, falling back to sequential execution: [WinError 5] Access is denied
  Imports:   291 total - 103 local (35.4%)  158 stdlib  0 3rd-party  30 unknown
  Edges:     43 internal
  Time:      0.18s
  Languages: python, javascript, cpp, go
  Health:    93/100  Orphans:5  Islands:1  Cycles:0

  Files:     35
  Edges:     43
  Resolved:  103/291 imports (35.4%)
  Output:    C:\Users\Mihir\OneDrive\Desktop\orbits\graph.json
----------------------------------------


  -> http://localhost:8766/visualizer.html
  Ctrl+C to stop

