
Orbits - Phase 3
----------------------------------------
  Scanning:  C:\Users\Mihir\OneDrive\Desktop\orbits
  Found:       1  C/C++
  Found:       1  Go
  Found:       1  JavaScript
  Found:      27  Python
  Cache:     30 files cached  (0 to parse)
  Extracting imports...
  Imports:   201 total - 54 local (26.9%)  142 stdlib  0 3rd-party  5 unknown
  Edges:     22 internal
  Time:      0.71s
  Languages: python, javascript, cpp, go
  Health:    92/100  Orphans:6  Islands:0  Cycles:0

  Files:     30
  Edges:     22
  Resolved:  54/201 imports (26.9%)
  Output:    C:\Users\Mihir\OneDrive\Desktop\orbits\graph.json
----------------------------------------

  Run with --serve to open the visualizer.

